+ '[' -n /opt/homebrew/bin/gtimeout ']'
+ /opt/homebrew/bin/gtimeout -k 10 180 ffmpeg -y -framerate 3 -pattern_type glob -i '/tmp/frames/f_*.png' -c:v libx264 -pix_fmt yuv420p -vf scale=1024:-2 -movflags +faststart evidence/fullrun.mp4
ffmpeg version 9.0.1 Copyright (c) 2000-2026 the FFmpeg developers
  built with Apple clang version 21.0.0 (clang-2100.1.1.101)
  configuration: --prefix=/opt/homebrew/Cellar/ffmpeg/9.0.1_1 --enable-shared --enable-pthreads --enable-version3 --cc=clang --host-cflags= --host-ldflags= --enable-ffplay --enable-gpl --enable-libsvtav1 --enable-libopus --enable-libx264 --enable-libmp3lame --enable-libdav1d --enable-libvmaf --enable-libvpx --enable-libx265 --enable-openssl --enable-videotoolbox --enable-audiotoolbox --enable-neon
  libavutil      61.  1.101 / 61.  1.101
  libavcodec     63.  1.101 / 63.  1.101
  libavformat    63.  1.101 / 63.  1.101
  libavdevice    63.  1.101 / 63.  1.101
  libavfilter    12.  1.101 / 12.  1.101
  libswscale     10.  1.101 / 10.  1.101
  libswresample   7.  1.101 /  7.  1.101
Input #0, image2, from '/tmp/frames/f_*.png':
  Duration: 00:03:24.67, start: 0.000000, bitrate: N/A
  Stream #0:0: Video: png, rgba(pc, gbr/unknown/unknown), 1024x768, 3 fps, 3 tbr, 3 tbn
Stream mapping:
  Stream #0:0 -> #0:0 (png (native) -> h264 (libx264))
Press [q] to stop, [?] for help
[libx264 @ 0x829034a80] using cpu capabilities: ARMv8 NEON DotProd I8MM
[libx264 @ 0x829034a80] profile High, level 3.1, 4:2:0, 8-bit
[libx264 @ 0x829034a80] 264 - core 165 r3222 b35605a - H.264/MPEG-4 AVC codec - Copyleft 2003-2025 - http://www.videolan.org/x264.html - options: cabac=1 ref=3 deblock=1:0:0 analyse=0x3:0x113 me=hex subme=7 psy=1 psy_rd=1.00:0.00 mixed_ref=1 me_range=16 chroma_me=1 trellis=1 8x8dct=1 cqm=0 deadzone=21,11 fast_pskip=1 chroma_qp_offset=-2 threads=7 lookahead_threads=1 sliced_threads=0 nr=0 decimate=1 interlaced=0 bluray_compat=0 constrained_intra=0 bframes=3 b_pyramid=2 b_adapt=1 b_bias=0 direct=1 weightb=1 open_gop=0 weightp=2 keyint=250 keyint_min=3 scenecut=40 intra_refresh=0 rc_lookahead=40 rc=crf mbtree=1 crf=23.0 qcomp=0.60 qpmin=0 qpmax=69 qpstep=4 ip_ratio=1.40 aq=1:1.00
Output #0, mp4, to 'evidence/fullrun.mp4':
  Metadata:
    encoder         : Lavf63.1.101
  Stream #0:0: Video: h264 (avc1 / 0x31637661), yuv420p(tv, progressive), 1024x768, q=2-31, 3 fps, 12288 tbn
    Metadata:
      encoder         : Lavc63.1.101 libx264
    Side data:
      ICC Profile: (3312 bytes)
      EXIF metadata: (86 bytes)
      CPB properties: bitrate max/min/avg: 0/0/0 buffer size: 0 vbv_delay: N/A
frame=   81 fps=0.0 q=21.0 size=       0KiB time=00:00:26.33 bitrate=   0.0kbits/s speed=47.8x elapsed=0:00:00.55    frame=  151 fps=134 q=21.0 size=     512KiB time=00:00:49.66 bitrate=  84.5kbits/s speed=44.2x elapsed=0:00:01.12    frame=  272 fps=166 q=21.0 size=     768KiB time=00:01:30.33 bitrate=  69.7kbits/s speed=55.1x elapsed=0:00:01.64    frame=  396 fps=183 q=21.0 size=    1024KiB time=00:02:11.33 bitrate=  63.9kbits/s speed=60.8x elapsed=0:00:02.16    frame=  545 fps=204 q=21.0 size=    1280KiB time=00:03:01.00 bitrate=  57.9kbits/s speed=67.9x elapsed=0:00:02.66    [mp4 @ 0x82902c280] Starting second pass: moving the moov atom to the beginning of the file
[out#0/mp4 @ 0x829038240] video:1424KiB audio:0KiB subtitle:0KiB other streams:0KiB global headers:0KiB muxing overhead: 0.778876%
frame=  614 fps=219 q=-1.0 Lsize=    1435KiB time=00:03:24.00 bitrate=  57.6kbits/s speed=72.7x elapsed=0:00:02.80    
[libx264 @ 0x829034a80] frame I:3     Avg QP: 5.31  size: 55600
[libx264 @ 0x829034a80] frame P:177   Avg QP:13.11  size:  5015
[libx264 @ 0x829034a80] frame B:434   Avg QP:18.00  size:   929
[libx264 @ 0x829034a80] consecutive B-frames:  3.9%  2.9%  7.8% 85.3%
[libx264 @ 0x829034a80] mb I  I16..4: 72.0%  5.8% 22.2%
[libx264 @ 0x829034a80] mb P  I16..4:  2.1%  2.4%  1.6%  P16..4:  2.7%  0.7%  0.5%  0.0%  0.0%    skip:90.0%
[libx264 @ 0x829034a80] mb B  I16..4:  0.1%  0.1%  0.1%  B16..8:  1.8%  0.5%  0.2%  direct: 0.1%  skip:97.2%  L0:51.5% L1:43.8% BI: 4.7%
[libx264 @ 0x829034a80] 8x8 transform intra:31.9% inter:47.6%
[libx264 @ 0x829034a80] coded y,uvDC,uvAC intra: 29.4% 29.3% 25.0% inter: 0.8% 0.8% 0.3%
[libx264 @ 0x829034a80] i16 v,h,dc,p: 63% 31%  2%  3%
[libx264 @ 0x829034a80] i8 v,h,dc,ddl,ddr,vr,hd,vl,hu: 29% 16% 40%  2%  2%  2%  3%  2%  4%
[libx264 @ 0x829034a80] i4 v,h,dc,ddl,ddr,vr,hd,vl,hu: 22% 29% 17%  4%  6%  5%  6%  5%  6%
[libx264 @ 0x829034a80] i8c dc,h,v,p: 72% 18%  7%  3%
[libx264 @ 0x829034a80] Weighted P-Frames: Y:0.0% UV:0.0%
[libx264 @ 0x829034a80] ref P L0: 46.0%  5.2% 28.2% 20.6%
[libx264 @ 0x829034a80] ref B L0: 63.8% 26.7%  9.5%
[libx264 @ 0x829034a80] ref B L1: 83.0% 17.0%
[libx264 @ 0x829034a80] kb/s:56.98
